export CLEAN_DIR="data/clean"
export RAW_DIR="data/raw"
export LATEST_DATA="data/raw/1.0.0/data.csv"
export TEST_DIR="data/tests"
export DATA_DIR="data"
export CODEBOOK_DIR="data/clean/codebooks"
