clean_dir?=data/clean
raw_dir?=data/raw
latest_data?=data/raw/1.0.0/data.csv
test_dir?=data/tests
data_dir?=data
codebook_dir?=data/clean/codebooks
