CLEAN_DIR?=data/clean
RAW_DIR?=data/raw
LATEST_DATA?=data/raw/1.0.0/data.csv
TEST_DIR?=data/tests
DATA_DIR?=data
CODEBOOK_DIR?=data/clean/codebooks
